// Jest Snapshot v1, https://goo.gl/fbAQLP

exports[`should render Header correctly 1`] = `
<header
  className="header"
>
  <div
    className="content-container"
  >
    <div
      className="header__content"
    >
      <Link
        className="header__title"
        replace={false}
        to="/"
      >
        <img
          alt="logo"
          className="loader__image"
          src="/images/icon.png"
        />
        <h1>
          TEKKNE
        </h1>
      </Link>
      <Connect(HeaderNavBar) />
    </div>
  </div>
</header>
`;
