// Jest Snapshot v1, https://goo.gl/fbAQLP

exports[`should render HeaderSub correctly 1`] = `
<nav
  className="header__navbarsub"
>
  <NavLink
    activeClassName="architecture"
    ariaCurrent="true"
    to="/category/architecture"
  >
    ARCHITECTURE
  </NavLink>
  <NavLink
    activeClassName="sculpture"
    ariaCurrent="true"
    to="/category/sculpture"
  >
    SCULPTURE
  </NavLink>
  <NavLink
    activeClassName="visuals"
    ariaCurrent="true"
    to="/category/visuals"
  >
    VISUALS
  </NavLink>
  <NavLink
    activeClassName="music"
    ariaCurrent="true"
    to="/category/music"
  >
    MUSIC
  </NavLink>
  <NavLink
    activeClassName="literature"
    ariaCurrent="true"
    to="/category/literature"
  >
    LITERATURE
  </NavLink>
  <NavLink
    activeClassName="performings"
    ariaCurrent="true"
    to="/category/performings"
  >
    PERFORMINGS
  </NavLink>
  <NavLink
    activeClassName="cinema"
    ariaCurrent="true"
    to="/category/cinema"
  >
    CINEMA
  </NavLink>
  <NavLink
    activeClassName="photography"
    ariaCurrent="true"
    to="/category/photography"
  >
    PHOTOGRAPHY
  </NavLink>
</nav>
`;
