// Jest Snapshot v1, https://goo.gl/fbAQLP

exports[`should render HeaderSub correctly 1`] = `
<nav
  className="header__navbarsub"
>
  <NavLink
    activeClassName="header__navbarsub__tab--selected"
    ariaCurrent="true"
    to="/category/architecture"
  >
    architecture
  </NavLink>
  <NavLink
    activeClassName="header__navbarsub__tab--selected"
    ariaCurrent="true"
    to="/category/sculpture"
  >
    scuplture
  </NavLink>
  <NavLink
    activeClassName="header__navbarsub__tab--selected"
    ariaCurrent="true"
    to="/category/visuals"
  >
    visuals
  </NavLink>
  <NavLink
    activeClassName="header__navbarsub__tab--selected"
    ariaCurrent="true"
    to="/category/music"
  >
    music
  </NavLink>
  <NavLink
    activeClassName="header__navbarsub__tab--selected"
    ariaCurrent="true"
    to="/category/literature"
  >
    literature
  </NavLink>
  <NavLink
    activeClassName="header__navbarsub__tab--selected"
    ariaCurrent="true"
    to="/category/performings"
  >
    performings
  </NavLink>
  <NavLink
    activeClassName="header__navbarsub__tab--selected"
    ariaCurrent="true"
    to="/category/cinema"
  >
    cinema
  </NavLink>
  <NavLink
    activeClassName="header__navbarsub__tab--selected"
    ariaCurrent="true"
    to="/category/photography"
  >
    photography
  </NavLink>
</nav>
`;
