// Jest Snapshot v1, https://goo.gl/fbAQLP

exports[`should render AuthorSummaryListItem component properly 1`] = `
<div>
  <Link
    className="no-decoration"
    replace={false}
    to="/author2Id/read/2"
  >
    <img
      alt="post cover"
      src="https://www.w3schools.com/w3css/img_fjords.jpg"
    />
    <div
      className="masonry-layer"
    >
      <header
        className="masonry-layer__header"
      >
        <div>
          <i
            className="fa fa-star"
          />
           
          25
        </div>
        <p>
          Jan 1st, 1970
        </p>
      </header>
      <section
        className="masonry-layer__section"
      >
        <h3
          className="masonry-layer__title"
        >
          Post 2 in Run
        </h3>
      </section>
      <footer
        className="keywords-list__list-item-container"
      >
        <p
          className="masonry-layer__author"
        >
          author2
        </p>
        <KeywordsList
          keywords="cat, dog, fish"
        />
      </footer>
    </div>
  </Link>
</div>
`;
