// Jest Snapshot v1, https://goo.gl/fbAQLP

exports[`should render Footer component properly 1`] = `
<div
  className="footer__container"
>
  <div
    className="content-container"
  >
    <div
      className="footer"
    >
      <nav
        className="footer__nav"
      >
        <ContactModal />
        <AboutModal />
        <HireMeModal />
      </nav>
      <div
        className="footer__license"
      >
        <p>
          2017 - License MIT
        </p>
      </div>
    </div>
  </div>
</div>
`;
