// Jest Snapshot v1, https://goo.gl/fbAQLP

exports[`should render KeywordsList component properly 1`] = `
<ul
  className="keywords-list"
>
  <Link
    key="cat"
    replace={false}
    to="/category/cat"
  >
    CAT
  </Link>
  <Link
    key=" dog"
    replace={false}
    to="/category/dog"
  >
    DOG
  </Link>
  <Link
    key=" fish"
    replace={false}
    to="/category/fish"
  >
    FISH
  </Link>
</ul>
`;
