// Jest Snapshot v1, https://goo.gl/fbAQLP

exports[`should render PostsSummary component properly with multiple posts provided 1`] = `
<div
  className="page-header__container"
>
  <div
    className="content-container"
  >
    <div
      className="page-header__content"
    >
      <div>
        <h1
          className="page-header__title"
        >
          Dashboard
        </h1>
        <p
          className="page-header__title"
        >
          3
           post
          s
           totalling
           
          21
           minute
          s
           read.
        </p>
        <p
          className="page-header__subtitle"
        >
          0
           hidden posts
        </p>
      </div>
      <div
        className="page-header__actions"
      >
        <Link
          className="button button--icon"
          replace={false}
          to="/create"
        >
          <i
            className="fa fa-pencil-square-o"
          />
        </Link>
      </div>
    </div>
    <PostListFilters />
  </div>
</div>
`;

exports[`should render PostsSummary component properly with no post provided 1`] = `
<div
  className="page-header__container"
>
  <div
    className="content-container"
  >
    <div
      className="page-header__content"
    >
      <div>
        <h1
          className="page-header__title"
        >
          Dashboard
        </h1>
        <p
          className="page-header__title"
        >
          0
           post
           totalling
           
          0
           minute
           read.
        </p>
        <p
          className="page-header__subtitle"
        >
          0
           hidden posts
        </p>
      </div>
      <div
        className="page-header__actions"
      >
        <Link
          className="button button--icon"
          replace={false}
          to="/create"
        >
          <i
            className="fa fa-pencil-square-o"
          />
        </Link>
      </div>
    </div>
    <PostListFilters />
  </div>
</div>
`;
