// Jest Snapshot v1, https://goo.gl/fbAQLP

exports[`should render PostsListItem component properly 1`] = `
<div
  className="list-item"
>
  <Link
    replace={false}
    to="/edit/2"
  >
    <div
      className="list-item__content"
    >
      <header>
        <img
          alt="post cover"
          className="list-item__img list-item__content__cover"
          src="https://www.w3schools.com/w3css/img_fjords.jpg"
        />
      </header>
      <section
        className="list-item__content__header"
      >
        <div>
          <i
            className="fa fa-star"
          />
           
          25
        </div>
        <p
          className="list-item__content__date"
        >
          Jan 1st, 1970
        </p>
      </section>
      <div
        className="list-item__content__infos"
      >
        <h3
          className="list-item__content__title"
        >
          Post 2 in Run
        </h3>
        <div
          className="list-item__content__subtitle"
        >
          <p
            className="list-item__content__author"
          >
            author2
          </p>
        </div>
      </div>
      <KeywordsList
        keywords="cat, dog, fish"
      />
    </div>
  </Link>
</div>
`;
